# ZXC - Asymmetric Lossless Compression Built for Ultra-Fast Decode

[![Build & Release](https://github.com/hellobertrand/zxc/actions/workflows/build.yml/badge.svg)](https://github.com/hellobertrand/zxc/actions/workflows/build.yml)
[![Code Quality](https://github.com/hellobertrand/zxc/actions/workflows/quality.yml/badge.svg)](https://github.com/hellobertrand/zxc/actions/workflows/quality.yml)
[![Code Security](https://github.com/hellobertrand/zxc/actions/workflows/security.yml/badge.svg)](https://github.com/hellobertrand/zxc/actions/workflows/security.yml)
[![Fuzzing](https://github.com/hellobertrand/zxc/actions/workflows/fuzzing.yml/badge.svg)](https://github.com/hellobertrand/zxc/actions/workflows/fuzzing.yml)
<!-- [![Benchmark](https://github.com/hellobertrand/zxc/actions/workflows/benchmark.yml/badge.svg)](https://github.com/hellobertrand/zxc/actions/workflows/benchmark.yml) -->

<!-- [![Snyk Security](https://snyk.io/test/github/hellobertrand/zxc/badge.svg)](https://snyk.io/test/github/hellobertrand/zxc)