{"id":00000,"type":"event","level":"INFO","msg":"user logged in","ok":true}
{"id":00001,"type":"event","level":"INFO","msg":"user logged in","ok":true}
{"id":00002,"type":"event","level":"INFO","msg":"user logged in","ok":true}
{"id":00003,"type":"event","level":"INFO","msg":"user logged in","ok":true}
{"id":00004,"type":"event","level":"INFO","msg":"user logged in","ok":true}
{"id":00005,"type":"event","level":"INFO","msg":"user logged in","ok":true}
{"id":00006,"type":"event","level":"INFO","msg":"user logged in","ok":true}
{"id":00007,"type":"event","level":"INFO","msg":"user logged in","ok":true}
{"id":00008,"type":"event","level":"INFO","msg":"user logged in","ok":true}
{"id":00009,"type":"event","level":"INFO","msg":"user logged in","ok":true}
{"id":00010,"type":"event","level":"INFO","msg":"user logged in","ok":true}
{"id":00011,"type":"event","level":"INFO","msg":"user logged in","ok":true}
{"id":00012,"type":"event","level":"INFO","msg":"user logged in","ok":true}
{"id":00013,"type":"event","level":"INFO","msg":"user logged in","ok":true}
{"id":00014,"type":"event","level":"INFO","msg":"user logged in","ok":true}
{"id":00015,"type":"event","level":"INFO","msg":"user logged in","ok":true}
{"id":00016,"type":"event","level":"INFO","msg":"user logged in","ok":true}
{"id":00017,"type":"event","level":"INFO","msg":"user logged in","ok":true}
{"id":00018,"type":"event","level":"INFO","msg":"user logged in","ok":true}
{"id":00019,"type":"event","level":"INFO","msg":"user logged in","ok":true}
{"id":00020,"type":"event","level":"INFO","msg":"user logged in","ok":true}
{"id":00021,"type":"event","level":"INFO","msg":"user logged in","ok":true}
{"id":00022,"type":"event","level":"INFO","msg":"user logged in","ok":true}
{"id":00023,"type":"event","level":"INFO","msg":"user logged in","ok":true}
{"id":00024,"type":"event","level":"INFO","msg":"user logged in","ok":true}
{"id":00025,"type":"event","level":"INFO","msg":"user logged in","ok":true}
{"id":00026,"type":"event","level":"INFO","msg":"user logged in","ok":true}
{"id":00027,"type":"event","level":"INFO","msg":"user logged in","ok":true}
{"id":00028,"type":"event","level":"INFO","msg":"user logged in","ok":true}
{"id":00029,"type":"event","level":"INFO","msg":"user logged in","ok":true}
{"id":00030,"type":"event","level":"INFO","msg":"user logged in","ok":true}
{"id":00031,"type":"event","level":"INFO","msg":"user logged in","ok":true}
{"id":00032,"type":"event","level":"INFO","msg":"user logged in","ok":true}
{"id":00033,"type":"event","level":"INFO","msg":"user logged in","ok":true}
{"id":00034,"type":"event","level":"INFO","msg":"user logged in","ok":true}
{"id":00035,"type":"event","level":"INFO","msg":"user logged in","ok":true}
{"id":00036,"type":"event","level":"INFO","msg":"user logged in","ok":true}
{"id":00037,"type":"event","level":"INFO","msg":"user logged in","ok":true}
{"id":00038,"type":"event","level":"INFO","msg":"user logged in","ok":true}
{"id":00039,"type":"event","level":"INFO","msg":"user logged in","ok":true}
{"id":00040,"type":"event","level":"INFO","msg":"user logged in","ok":true}
{"id":00041,"type":"event","level":"INFO","msg":"user logged in","ok":true}
{"id":00042,"type":"event","level":"INFO","msg":"user logged in","ok":true}
{"id":00043,"type":"event","level":"INFO","msg":"user logged in","ok":true}
{"id":00044,"type":"event","level":"INFO","msg":"user logged in","ok":true}
{"id":00045,"type":"event","level":"INFO","msg":"user logged in","ok":true}
{"id":00046,"type":"event","level":"INFO","msg":"user logged in","ok":true}
{"id":00047,"type":"event","level":"INFO","msg":"user logged in","ok":true}
{"id":00048,"type":"event","level":"INFO","msg":"user logged in","ok":true}
{"id":00049,"type":"event","level":"INFO","msg":"user logged in","ok":true}
{"id":00050,"type":"event","level":"INFO","msg":"user logged in","ok":true}
{"id":00051,"type":"event","level":"INFO","msg":"user logged in","ok":true}
{"id":00052,"type":"event","level":"INFO","msg":"user logged in","ok":true}
{"id":00053,"type":"event","level":"INFO","msg":"user logged in","ok":true}
{"id":00054,"type":"event","level":"INFO","msg":"user logged in","ok":true}
{"id":00055,"type":"event","level":"INFO","msg":"user logged in","ok":true}
{"id":00056,"type":"event","level":"INFO","msg":"user logged in","ok":true}
{"id":00057,"type":"event","level":"INFO","msg":"user logged in","ok":true}
{"id":00058,"type":"event","level":"INFO","msg":"user logged in","ok":true}
{"id":00059,"type":"event","level":"INFO","msg":"user logged in","ok":true}
{"id":00060,"type":"event","level":"INFO","msg":"user logged in","ok":true}
{"id":00061,"type":"event","level":"INFO","msg":"user logged in","ok":true}
{"id":00062,"type":"event","level":"INFO","msg":"user logged in","ok":true}
{"id":00063,"type":"event","level":"INFO","msg":"user logged in","ok":true}
{"id":00064,"type":"event","level":"INFO","msg":"user logged in","ok":true}
{"id":00065,"type":"event","level":"INFO","msg":"user logged in","ok":true}
{"id":00066,"type":"event","level":"INFO","msg":"user logged in","ok":true}
{"id":00067,"type":"event","level":"INFO","msg":"user logged in","ok":true}
{"id":00068,"type":"event","level":"INFO","msg":"user logged in","ok":true}
{"id":00069,"type":"event","level":"INFO","msg":"user logged in","ok":true}
{"id":00070,"type":"event","level":"INFO","msg":"user logged in","ok":true}
{"id":00071,"type":"event","level":"INFO","msg":"user logged in","ok":true}
{"id":00072,"type":"event","level":"INFO","msg":"user logged in","ok":true}
{"id":00073,"type":"event","level":"INFO","msg":"user logged in","ok":true}
{"id":00074,"type":"event","level":"INFO","msg":"user logged in","ok":true}
{"id":00075,"type":"event","level":"INFO","msg":"user logged in","ok":true}
{"id":00076,"type":"event","level":"INFO","msg":"user logged in","ok":true}
{"id":00077,"type":"event","level":"INFO","msg":"user logged in","ok":true}
{"id":00078,"type":"event","level":"INFO","msg":"user logged in","ok":true}
{"id":00079,"type":"event","level":"INFO","msg":"user logged in","ok":true}
{"id":00080,"type":"event","level":"INFO","msg":"user logged in","ok":true}
{"id":00081,"type":"event","level":"INFO","msg":"user logged in","ok":true}
{"id":00082,"type":"event","level":"INFO","msg":"user logged in","ok":true}
{"id":00083,"type":"event","level":"INFO","msg":"user logged in","ok":true}
{"id":00084,"type":"event","level":"INFO","msg":"user logged in","ok":true}
{"id":00085,"type":"event","level":"INFO","msg":"user logged in","ok":true}
{"id":00086,"type":"event","level":"INFO","msg":"user logged in","ok":true}
{"id":00087,"type":"event","level":"INFO","msg":"user logged in","ok":true}
{"id":00088,"type":"event","level":"INFO","msg":"user logged in","ok":true}
{"id":00089,"type":"event","level":"INFO","msg":"user logged in","ok":true}
{"id":00090,"type":"event","level":"INFO","msg":"user logged in","ok":true}
{"id":00091,"type":"event","level":"INFO","msg":"user logged in","ok":true}
{"id":00092,"type":"event","level":"INFO","msg":"user logged in","ok":true}
{"id":00093,"type":"event","level":"INFO","msg":"user logged in","ok":true}
{"id":00094,"type":"event","level":"INFO","msg":"user logged in","ok":true}
{"id":00095,"type":"event","level":"INFO","msg":"user logged in","ok":true}
{"id":00096,"type":"event","level":"INFO","msg":"user logged in","ok":true}
{"id":00097,"type":"event","level":"INFO","msg":"user logged in","ok":true}
{"id":00098,"type":"event","level":"INFO","msg":"user logged in","ok":true}
{"id":00099,"type":"event","level":"INFO","msg":"user logged in","ok":true}
{"id":00100,"type":"event","level":"INFO","msg":"user logged in","ok":true}
{"id":00101,"type":"event","level":"INFO","msg":"user logged in","ok":true}
{"id":00102,"type":"event","level":"INFO","msg":"user logged in","ok":true}
{"id":00103,"type":"event","level":"INFO","msg":"user logged in","ok":true}
{"id":00104,"type":"event","level":"INFO","msg":"user logged in","ok":true}
{"id":00105,"type":"event","level":"INFO","msg":"user logged in","ok":true}
{"id":00106,"type":"event","level":"INFO","msg":"user logged in","ok":true}
{"id":00107,"type":"event","level":"INFO","msg":"user logged in","ok":true}
{"id":00108,"type":"event","level":"INFO","msg":"user logged in","ok":true}
{"id":00109,"type":"event","level":"INFO","msg":"user logged in","ok":true}
{"id":00110,"type":"event","level":"INFO","msg":"user logged in","ok":true}
{"id":00111,"type":"event","level":"INFO","msg":"user logged in","ok":true}
{"id":00112,"type":"event","level":"INFO","msg":"user logged in","ok":true}
{"id":00113,"type":"event","level":"INFO","msg":"user logged in","ok":true}
{"id":00114,"type":"event","level":"INFO","msg":"user logged in","ok":true}
{"id":00115,"type":"event","level":"INFO","msg":"user logged in","ok":true}
{"id":00116,"type":"event","level":"INFO","msg":"user logged in","ok":true}
{"id":00117,"type":"event","level":"INFO","msg":"user logged in","ok":true}
{"id":00118,"type":"event","level":"INFO","msg":"user logged in","ok":true}
{"id":00119,"type":"event","level":"INFO","msg":"user logged in","ok":true}
{"id":00120,"type":"event","level":"INFO","msg":"user logged in","ok":true}
{"id":00121,"type":"event","level":"INFO","msg":"user logged in","ok":true}
{"id":00122,"type":"event","level":"INFO","msg":"user logged in","ok":true}
{"id":00123,"type":"event","level":"INFO","msg":"user logged in","ok":true}
{"id":00124,"type":"event","level":"INFO","msg":"user logged in","ok":true}
{"id":00125,"type":"event","level":"INFO","msg":"user logged in","ok":true}
{"id":00126,"type":"event","level":"INFO","msg":"user logged in","ok":true}
{"id":00127,"type":"event","level":"INFO","msg":"user logged in","ok":true}
{"id":00128,"type":"event","level":"INFO","msg":"user logged in","ok":true}
{"id":00129,"type":"event","level":"INFO","msg":"user logged in","ok":true}
{"id":00130,"type":"event","level":"INFO","msg":"user logged in","ok":true}
{"id":00131,"type":"event","level":"INFO","msg":"user logged in","ok":true}
{"id":00132,"type":"event","level":"INFO","msg":"user logged in","ok":true}
{"id":00133,"type":"event","level":"INFO","msg":"user logged in","ok":true}
{"id":00134,"type":"event","level":"INFO","msg":"user logged in","ok":true}
{"id":00135,"type":"event","level":"INFO","msg":"user logged in","ok":true}
{"id":00136,"type":"event","level":"INFO","msg":"user logged in","ok":true}
{"id":00137,"type":"event","level":"INFO","msg":"user logged in","ok":true}
{"id":00138,"type":"event","level":"INFO","msg":"user logged in","ok":true}
{"id":00139,"type":"event","level":"INFO","msg":"user logged in","ok":true}
{"id":00140,"type":"event","level":"INFO","msg":"user logged in","ok":true}
{"id":00141,"type":"event","level":"INFO","msg":"user logged in","ok":true}
{"id":00142,"type":"event","level":"INFO","msg":"user logged in","ok":true}
{"id":00143,"type":"event","level":"INFO","msg":"user logged in","ok":true}
{"id":00144,"type":"event","level":"INFO","msg":"user logged in","ok":true}
{"id":00145,"type":"event","level":"INFO","msg":"user logged in","ok":true}
{"id":00146,"type":"event","level":"INFO","msg":"user logged in","ok":true}
{"id":00147,"type":"event","level":"INFO","msg":"user logged in","ok":true}
{"id":00148,"type":"event","level":"INFO","msg":"user logged in","ok":true}
{"id":00149,"type":"event","level":"INFO","msg":"user logged in","ok":true}
{"id":00150,"type":"event","level":"INFO","msg":"user logged in","ok":true}
{"id":00151,"type":"event","level":"INFO","msg":"user logged in","ok":true}
{"id":00152,"type":"event","level":"INFO","msg":"user logged in","ok":true}
{"id":00153,"type":"event","level":"INFO","msg":"user logged in","ok":true}
{"id":00154,"type":"event","level":"INFO","msg":"user logged in","ok":true}
{"id":00155,"type":"event","level":"INFO","msg":"user logged in","ok":true}
{"id":00156,"type":"event","level":"INFO","msg":"user logged in","ok":true}
{"id":00157,"type":"event","level":"INFO","msg":"user logged in","ok":true}
{"id":00158,"type":"event","level":"INFO","msg":"user logged in","ok":true}
{"id":00159,"type":"event","level":"INFO","msg":"user logged in","ok":true}
{"id":00160,"type":"event","level":"INFO","msg":"user logged in","ok":true}
{"id":00161,"type":"event","level":"INFO","msg":"user logged in","ok":true}
{"id":00162,"type":"event","level":"INFO","msg":"user logged in","ok":true}
{"id":00163,"type":"event","level":"INFO","msg":"user logged in","ok":true}
{"id":00164,"type":"event","level":"INFO","msg":"user logged in","ok":true}
{"id":00165,"type":"event","level":"INFO","msg":"user logged in","ok":true}
{"id":00166,"type":"event","level":"INFO","msg":"user logged in","ok":true}
{"id":00167,"type":"event","level":"INFO","msg":"user logged in","ok":true}
{"id":00168,"type":"event","level":"INFO","msg":"user logged in","ok":true}
{"id":00169,"type":"event","level":"INFO","msg":"user logged in","ok":true}
{"id":00170,"type":"event","level":"INFO","msg":"user logged in","ok":true}
{"id":00171,"type":"event","level":"INFO","msg":"user logged in","ok":true}
{"id":00172,"type":"event","level":"INFO","msg":"user logged in","ok":true}
{"id":00173,"type":"event","level":"INFO","msg":"user logged in","ok":true}
{"id":00174,"type":"event","level":"INFO","msg":"user logged in","ok":true}
{"id":00175,"type":"event","level":"INFO","msg":"user logged in","ok":true}
{"id":00176,"type":"event","level":"INFO","msg":"user logged in","ok":true}
{"id":00177,"type":"event","level":"INFO","msg":"user logged in","ok":true}
{"id":00178,"type":"event","level":"INFO","msg":"user logged in","ok":true}
{"id":00179,"type":"event","level":"INFO","msg":"user logged in","ok":true}
{"id":00180,"type":"event","level":"INFO","msg":"user logged in","ok":true}
{"id":00181,"type":"event","level":"INFO","msg":"user logged in","ok":true}
{"id":00182,"type":"event","level":"INFO","msg":"user logged in","ok":true}
{"id":00183,"type":"event","level":"INFO","msg":"user logged in","ok":true}
{"id":00184,"type":"event","level":"INFO","msg":"user logged in","ok":true}
{"id":00185,"type":"event","level":"INFO","msg":"user logged in","ok":true}
{"id":00186,"type":"event","level":"INFO","msg":"user logged in","ok":true}
{"id":00187,"type":"event","level":"INFO","msg":"user logged in","ok":true}
{"id":00188,"type":"event","level":"INFO","msg":"user logged in","ok":true}
{"id":00189,"type":"event","level":"INFO","msg":"user logged in","ok":true}
{"id":00190,"type":"event","level":"INFO","msg":"user logged in","ok":true}
{"id":00191,"type":"event","level":"INFO","msg":"user logged in","ok":true}
{"id":00192,"type":"event","level":"INFO","msg":"user logged in","ok":true}
{"id":00193,"type":"event","level":"INFO","msg":"user logged in","ok":true}
{"id":00194,"type":"event","level":"INFO","msg":"user logged in","ok":true}
{"id":00195,"type":"event","level":"INFO","msg":"user logged in","ok":true}
{"id":00196,"type":"event","level":"INFO","msg":"user logged in","ok":true}
{"id":00197,"type":"event","level":"INFO","msg":"user logged in","ok":true}
{"id":00198,"type":"event","level":"INFO","msg":"user logged in","ok":true}
{"id":00199,"type":"event","level":"INFO","msg":"user logged in","ok":true}
{"id":00200,"type":"event","level":"INFO","msg":"user logged in","ok":true}
{"id":00201,"type":"event","level":"INFO","msg":"user logged in","ok":true}
{"id":00202,"type":"event","level":"INFO","msg":"user logged in","ok":true}
{"id":00203,"type":"event","level":"INFO","msg":"user logged in","ok":true}
{"id":00204,"type":"event","level":"INFO","msg":"user logged in","ok":true}
{"id":00205,"type":"event","level":"INFO","msg":"user logged in","ok":true}
{"id":00206,"type":"event","level":"INFO","msg":"user logged in","ok":true}
{"id":00207,"type":"event","level":"INFO","msg":"user logged in","ok":true}
{"id":00208,"type":"event","level":"INFO","msg":"user logged in","ok":true}
{"id":00209,"type":"event","level":"INFO","msg":"user logged in","ok":true}
{"id":00210,"type":"event","level":"INFO","msg":"user logged in","ok":true}
{"id":00211,"type":"event","level":"INFO","msg":"user logged in","ok":true}
{"id":00212,"type":"event","level":"INFO","msg":"user logged in","ok":true}
{"id":00213,"type":"event","level":"INFO","msg":"user logged in","ok":true}
{"id":00214,"type":"event","level":"INFO","msg":"user logged in","ok":true}
{"id":00215,"type":"event","level":"INFO","msg":"user logged in","ok":true}
{"id":00216,"type":"event","level":"INFO","msg":"user logged in","ok":true}
{"id":00217,"type":"event","level":"INFO","msg":"user logged in","ok":true}
{"id":00218,"type":"event","level":"INFO","msg":"user logged in","ok":true}
{"id":00219,"type":"event","level":"INFO","msg":"user logged in","ok":true}
{"id":00220,"type":"event","level":"INFO","msg":"user logged in","ok":true}
{"id":00221,"type":"event","level":"INFO","msg":"user logged in","ok":true}
{"id":00222,"type":"event","level":"INFO","msg":"user logged in","ok":true}
{"id":00223,"type":"event","level":"INFO","msg":"user logged in","ok":true}
{"id":00224,"type":"event","level":"INFO","msg":"user logged in","ok":true}
{"id":00225,"type":"event","level":"INFO","msg":"user logged in","ok":true}
{"id":00226,"type":"event","level":"INFO","msg":"user logged in","ok":true}
{"id":00227,"type":"event","level":"INFO","msg":"user logged in","ok":true}
{"id":00228,"type":"event","level":"INFO","msg":"user logged in","ok":true}
{"id":00229,"type":"event","level":"INFO","msg":"user logged in","ok":true}
{"id":00230,"type":"event","level":"INFO","msg":"user logged in","ok":true}
{"id":00231,"type":"event","level":"INFO","msg":"user logged in","ok":true}
{"id":00232,"type":"event","level":"INFO","msg":"user logged in","ok":true}
{"id":00233,"type":"event","level":"INFO","msg":"user logged in","ok":true}
{"id":00234,"type":"event","level":"INFO","msg":"user logged in","ok":true}
{"id":00235,"type":"event","level":"INFO","msg":"user logged in","ok":true}
{"id":00236,"type":"event","level":"INFO","msg":"user logged in","ok":true}
{"id":00237,"type":"event","level":"INFO","msg":"user logged in","ok":true}
{"id":00238,"type":"event","level":"INFO","msg":"user logged in","ok":true}
{"id":00239,"type":"event","level":"INFO","msg":"user logged in","ok":true}
{"id":00240,"type":"event","level":"INFO","msg":"user logged in","ok":true}
{"id":00241,"type":"event","level":"INFO","msg":"user logged in","ok":true}
{"id":00242,"type":"event","level":"INFO","msg":"user logged in","ok":true}
{"id":00243,"type":"event","level":"INFO","msg":"user logged in","ok":true}
{"id":00244,"type":"event","level":"INFO","msg":"user logged in","ok":true}
{"id":00245,"type":"event","level":"INFO","msg":"user logged in","ok":true}
{"id":00246,"type":"event","level":"INFO","msg":"user logged in","ok":true}
{"id":00247,"type":"event","level":"INFO","msg":"user logged in","ok":true}
{"id":00248,"type":"event","level":"INFO","msg":"user logged in","ok":true}
{"id":00249,"type":"event","level":"INFO","msg":"user logged in","ok":true}
{"id":00250,"type":"event","level":"INFO","msg":"user logged in","ok":true}
{"id":00251,"type":"event","level":"INFO","msg":"user logged in","ok":true}
{"id":00252,"type":"event","level":"INFO","msg":"user logged in","ok":true}
{"id":00253,"type":"event","level":"INFO","msg":"user logged in","ok":true}
{"id":00254,"type":"event","level":"INFO","msg":"user logged in","ok":true}
{"id":00255,"type":"event","level":"INFO","msg":"user logged in","ok":true}
{"id":00256,"type":"event","level":"INFO","msg":"user logged in","ok":true}
{"id":00257,"type":"event","level":"INFO","msg":"user logged in","ok":true}
{"id":00258,"type":"event","level":"INFO","msg":"user logged in","ok":true}
{"id":00259,"type":"event","level":"INFO","msg":"user logged in","ok":true}
{"id":00260,"type":"event","level":"INFO","msg":"user logged in","ok":true}
{"id":00261,"type":"event","level":"INFO","msg":"user logged in","ok":true}
{"id":00262,"type":"event","level":"INFO","msg":"user logged in","ok":true}
{"id":00263,"type":"event","level":"INFO","msg":"user logged in","ok":true}
{"id":00264,"type":"event","level":"INFO","msg":"user logged in","ok":true}
{"id":00265,"type":"event","level":"INFO","msg":"user logged in","ok":true}
{"id":00266,"type":"event","level":"INFO","msg":"user logged in","ok":true}
{"id":00267,"type":"event","level":"INFO","msg":"user logged in","ok":true}
{"id":00268,"type":"event","level":"INFO","msg":"user logged in","ok":true}
{"id":00269,"type":"event","level":"INFO","msg":"user logged in","ok":true}
{"id":00270,"type":"event","level":"INFO","msg":"user logged in","ok":true}
{"id":00271,"type":"event","level":"INFO","msg":"user logged in","ok":true}
{"id":00272,"type":"event","level":"INFO","msg":"user logged in","ok":true}
{"id":00273,"type":"event","level":"INFO","msg":"user logged in","ok":true}
{"id":00274,"type":"event","level":"INFO","msg":"user logged in","ok":true}
{"id":00275,"type":"event","level":"INFO","msg":"user logged in","ok":true}
{"id":00276,"type":"event","level":"INFO","msg":"user logged in","ok":true}
{"id":00277,"type":"event","level":"INFO","msg":"user logged in","ok":true}
{"id":00278,"type":"event","level":"INFO","msg":"user logged in","ok":true}
{"id":00279,"type":"event","level":"INFO","msg":"user logged in","ok":true}
{"id":00280,"type":"event","level":"INFO","msg":"user logged in","ok":true}
{"id":00281,"type":"event","level":"INFO","msg":"user logged in","ok":true}
{"id":00282,"type":"event","level":"INFO","msg":"user logged in","ok":true}
{"id":00283,"type":"event","level":"INFO","msg":"user logged in","ok":true}
{"id":00284,"type":"event","level":"INFO","msg":"user logged in","ok":true}
{"id":00285,"type":"event","level":"INFO","msg":"user logged in","ok":true}
{"id":00286,"type":"event","level":"INFO","msg":"user logged in","ok":true}
{"id":00287,"type":"event","level":"INFO","msg":"user logged in","ok":true}
{"id":00288,"type":"event","level":"INFO","msg":"user logged in","ok":true}
{"id":00289,"type":"event","level":"INFO","msg":"user logged in","ok":true}
{"id":00290,"type":"event","level":"INFO","msg":"user logged in","ok":true}
{"id":00291,"type":"event","level":"INFO","msg":"user logged in","ok":true}
{"id":00292,"type":"event","level":"INFO","msg":"user logged in","ok":true}
{"id":00293,"type":"event","level":"INFO","msg":"user logged in","ok":true}
{"id":00294,"type":"event","level":"INFO","msg":"user logged in","ok":true}
{"id":00295,"type":"event","level":"INFO","msg":"user logged in","ok":true}
{"id":00296,"type":"event","level":"INFO","msg":"user logged in","ok":true}
{"id":00297,"type":"event","level":"INFO","msg":"user logged in","ok":true}
{"id":00298,"type":"event","level":"INFO","msg":"user logged in","ok":true}
{"id":00299,"type":"event","level":"INFO","msg":"user logged in","ok":true}
{"id":00300,"type":"event","level":"INFO","msg":"user logged in","ok":true}
{"id":00301,"type":"event","level":"INFO","msg":"user logged in","ok":true}
{"id":00302,"type":"event","level":"INFO","msg":"user logged in","ok":true}
{"id":00303,"type":"event","level":"INFO","msg":"user logged in","ok":true}
{"id":00304,"type":"event","level":"INFO","msg":"user logged in","ok":true}
{"id":00305,"type":"event","level":"INFO","msg":"user logged in","ok":true}
{"id":00306,"type":"event","level":"INFO","msg":"user logged in","ok":true}
{"id":00307,"type":"event","level":"INFO","msg":"user logged in","ok":true}
{"id":00308,"type":"event","level":"INFO","msg":"user logged in","ok":true}
{"id":00309,"type":"event","level":"INFO","msg":"user logged in","ok":true}
{"id":00310,"type":"event","level":"INFO","msg":"user logged in","ok":true}
{"id":00311,"type":"event","level":"INFO","msg":"user logged in","ok":true}
{"id":00312,"type":"event","level":"INFO","msg":"user logged in","ok":true}
{"id":00313,"type":"event","level":"INFO","msg":"user logged in","ok":true}
{"id":00314,"type":"event","level":"INFO","msg":"user logged in","ok":true}
{"id":00315,"type":"event","level":"INFO","msg":"user logged in","ok":true}
{"id":00316,"type":"event","level":"INFO","msg":"user logged in","ok":true}
{"id":00317,"type":"event","level":"INFO","msg":"user logged in","ok":true}
{"id":00318,"type":"event","level":"INFO","msg":"user logged in","ok":true}
{"id":00319,"type":"event","level":"INFO","msg":"user logged in","ok":true}
{"id":00320,"type":"event","level":"INFO","msg":"user logged in","ok":true}
{"id":00321,"type":"event","level":"INFO","msg":"user logged in","ok":true}
{"id":00322,"type":"event","level":"INFO","msg":"user logged in","ok":true}
{"id":00323,"type":"event","level":"INFO","msg":"user logged in","ok":true}
{"id":00324,"type":"event","level":"INFO","msg":"user logged in","ok":true}
{"id":00325,"type":"event","level":"INFO","msg":"user logged in","ok":true}
{"id":00326,"type":"event","level":"INFO","msg":"user logged in","ok":true}
{"id":00327,"type":"event","level":"INFO","msg":"user logged in","ok":true}
{"id":00328,"type":"event","level":"INFO","msg":"user logged in","ok":true}
{"id":00329,"type":"event","level":"INFO","msg":"user logged in","ok":true}
{"id":00330,"type":"event","level":"INFO","msg":"user logged in","ok":true}
{"id":00331,"type":"event","level":"INFO","msg":"user logged in","ok":true}
{"id":00332,"type":"event","level":"INFO","msg":"user logged in","ok":true}
{"id":00333,"type":"event","level":"INFO","msg":"user logged in","ok":true}
{"id":00334,"type":"event","level":"INFO","msg":"user logged in","ok":true}
{"id":00335,"type":"event","level":"INFO","msg":"user logged in","ok":true}
{"id":00336,"type":"event","level":"INFO","msg":"user logged in","ok":true}
{"id":00337,"type":"event","level":"INFO","msg":"user logged in","ok":true}
{"id":00338,"type":"event","level":"INFO","msg":"user logged in","ok":true}
{"id":00339,"type":"event","level":"INFO","msg":"user logged in","ok":true}
{"id":00340,"type":"event","level":"INFO","msg":"user logged in","ok":true}
{"id":00341,"type":"event","level":"INFO","msg":"user logged in","ok":true}
{"id":00342,"type":"event","level":"INFO","msg":"user logged in","ok":true}
{"id":00343,"type":"event","level":"INFO","msg":"user logged in","ok":true}
{"id":00344,"type":"event","level":"INFO","msg":"user logged in","ok":true}
{"id":00345,"type":"event","level":"INFO","msg":"user logged in","ok":true}
{"id":00346,"type":"event","level":"INFO","msg":"user logged in","ok":true}
{"id":00347,"type":"event","level":"INFO","msg":"user logged in","ok":true}
{"id":00348,"type":"event","level":"INFO","msg":"user logged in","ok":true}
{"id":00349,"type":"event","level":"INFO","msg":"user logged in","ok":true}
{"id":00350,"type":"event","level":"INFO","msg":"user logged in","ok":true}
{"id":00351,"type":"event","level":"INFO","msg":"user logged in","ok":true}
{"id":00352,"type":"event","level":"INFO","msg":"user logged in","ok":true}
{"id":00353,"type":"event","level":"INFO","msg":"user logged in","ok":true}
{"id":00354,"type":"event","level":"INFO","msg":"user logged in","ok":true}
{"id":00355,"type":"event","level":"INFO","msg":"user logged in","ok":true}
{"id":00356,"type":"event","level":"INFO","msg":"user logged in","ok":true}
{"id":00357,"type":"event","level":"INFO","msg":"user logged in","ok":true}
{"id":00358,"type":"event","level":"INFO","msg":"user logged in","ok":true}
{"id":00359,"type":"event","level":"INFO","msg":"user logged in","ok":true}
{"id":00360,"type":"event","level":"INFO","msg":"user logged in","ok":true}
{"id":00361,"type":"event","level":"INFO","msg":"user logged in","ok":true}
{"id":00362,"type":"event","level":"INFO","msg":"user logged in","ok":true}
{"id":00363,"type":"event","level":"INFO","msg":"user logged in","ok":true}
{"id":00364,"type":"event","level":"INFO","msg":"user logged in","ok":true}
{"id":00365,"type":"event","level":"INFO","msg":"user logged in","ok":true}
{"id":00366,"type":"event","level":"INFO","msg":"user logged in","ok":true}
{"id":00367,"type":"event","level":"INFO","msg":"user logged in","ok":true}
{"id":00368,"type":"event","level":"INFO","msg":"user logged in","ok":true}
{"id":00369,"type":"event","level":"INFO","msg":"user logged in","ok":true}
{"id":00370,"type":"event","level":"INFO","msg":"user logged in","ok":true}
{"id":00371,"type":"event","level":"INFO","msg":"user logged in","ok":true}
{"id":00372,"type":"event","level":"INFO","msg":"user logged in","ok":true}
{"id":00373,"type":"event","level":"INFO","msg":"user logged in","ok":true}
{"id":00374,"type":"event","level":"INFO","msg":"user logged in","ok":true}
{"id":00375,"type":"event","level":"INFO","msg":"user logged in","ok":true}
{"id":00376,"type":"event","level":"INFO","msg":"user logged in","ok":true}
{"id":00377,"type":"event","level":"INFO","msg":"user logged in","ok":true}
{"id":00378,"type":"event","level":"INFO","msg":"user logged in","ok":true}
{"id":00379,"type":"event","level":"INFO","msg":"user logged in","ok":true}
{"id":00380,"type":"event","level":"INFO","msg":"user logged in","ok":true}
{"id":00381,"type":"event","level":"INFO","msg":"user logged in","ok":true}
{"id":00382,"type":"event","level":"INFO","msg":"user logged in","ok":true}
{"id":00383,"type":"event","level":"INFO","msg":"user logged in","ok":true}
{"id":00384,"type":"event","level":"INFO","msg":"user logged in","ok":true}
{"id":00385,"type":"event","level":"INFO","msg":"user logged in","ok":true}
{"id":00386,"type":"event","level":"INFO","msg":"user logged in","ok":true}
{"id":00387,"type":"event","level":"INFO","msg":"user logged in","ok":true}
{"id":00388,"type":"event","level":"INFO","msg":"user logged in","ok":true}
{"id":00389,"type":"event","level":"INFO","msg":"user logged in","ok":true}
{"id":00390,"type":"event","level":"INFO","msg":"user logged in","ok":true}
{"id":00391,"type":"event","level":"INFO","msg":"user logged in","ok":true}
{"id":00392,"type":"event","level":"INFO","msg":"user logged in","ok":true}
{"id":00393,"type":"event","level":"INFO","msg":"user logged in","ok":true}
{"id":00394,"type":"event","level":"INFO","msg":"user logged in","ok":true}
{"id":00395,"type":"event","level":"INFO","msg":"user logged in","ok":true}
{"id":00396,"type":"event","level":"INFO","msg":"user logged in","ok":true}
{"id":00397,"type":"event","level":"INFO","msg":"user logged in","ok":true}
{"id":00398,"type":"event","level":"INFO","msg":"user logged in","ok":true}
{"id":00399,"type":"event","level":"INFO","msg":"user logged in","ok":true}
