GET /api/v1/users/12345/profile HTTP/1.1
Host: api.example.com
Accept: application/json

GET /api/v1/users/12345/profile HTTP/1.1
Host: api.example.com
Accept: application/json

GET /api/v1/users/12345/profile HTTP/1.1
Host: api.example.com
Accept: application/json

GET /api/v1/users/12345/profile HTTP/1.1
Host: api.example.com
Accept: application/json

GET /api/v1/users/12345/profile HTTP/1.1
Host: api.example.com
Accept: application/json

GET /api/v1/users/12345/profile HTTP/1.1
Host: api.example.com
Accept: application/json

GET /api/v1/users/12345/profile HTTP/1.1
Host: api.example.com
Accept: application/json

GET /api/v1/users/12345/profile HTTP/1.1
Host: api.example.com
Accept: application/json

GET /api/v1/users/12345/profile HTTP/1.1
Host: api.example.com
Accept: application/json

GET /api/v1/users/12345/profile HTTP/1.1
Host: api.example.com
Accept: application/json

GET /api/v1/users/12345/profile HTTP/1.1
Host: api.example.com
Accept: application/json

GET /api/v1/users/12345/profile HTTP/1.1
Host: api.example.com
Accept: application/json

GET /api/v1/users/12345/profile HTTP/1.1
Host: api.example.com
Accept: application/json

GET /api/v1/users/12345/profile HTTP/1.1
Host: api.example.com
Accept: application/json

GET /api/v1/users/12345/profile HTTP/1.1
Host: api.example.com
Accept: application/json

GET /api/v1/users/12345/profile HTTP/1.1
Host: api.example.com
Accept: application/json

GET /api/v1/users/12345/profile HTTP/1.1
Host: api.example.com
Accept: application/json

GET /api/v1/users/12345/profile HTTP/1.1
Host: api.example.com
Accept: application/json

GET /api/v1/users/12345/profile HTTP/1.1
Host: api.example.com
Accept: application/json

GET /api/v1/users/12345/profile HTTP/1.1
Host: api.example.com
Accept: application/json

GET /api/v1/users/12345/profile HTTP/1.1
Host: api.example.com
Accept: application/json

GET /api/v1/users/12345/profile HTTP/1.1
Host: api.example.com
Accept: application/json

GE